###############################################################################
#
# IAR ELF Linker V8.40.1.212/W32 for ARM                  12/Dec/2019  22:59:15
# Copyright 2007-2019 IAR Systems AB.
#
#    Output file  =
#        C:\uwEmbSysWorkSpace\assignment06\ledAsm\Debug\Exe\blinkLedHw6.out
#    Map file     =
#        C:\uwEmbSysWorkSpace\assignment06\ledAsm\Debug\List\blinkLedHw6.map
#    Command line =
#        -f C:\Users\GATEWA~1\AppData\Local\Temp\EW2C87.tmp
#        (C:\uwEmbSysWorkSpace\assignment06\ledAsm\Debug\Obj\delay.o
#        C:\uwEmbSysWorkSpace\assignment06\ledAsm\Debug\Obj\main.o
#        C:\uwEmbSysWorkSpace\assignment06\ledAsm\Debug\Obj\user_led.o
#        C:\uwEmbSysWorkSpace\assignment06\ledAsm\Debug\Obj\user_led_bband.o
#        --no_out_extension -o
#        C:\uwEmbSysWorkSpace\assignment06\ledAsm\Debug\Exe\blinkLedHw6.out
#        --redirect _Printf=_PrintfFullNoMb --redirect _Scanf=_ScanfFullNoMb
#        --map
#        C:\uwEmbSysWorkSpace\assignment06\ledAsm\Debug\List\blinkLedHw6.map
#        --config "C:\Program Files (x86)\IAR Systems\Embedded Workbench
#        8.3\arm\config\linker\ST\stm32f401xE.icf" --semihosting --entry
#        __iar_program_start --vfe --text_out locale)
#
###############################################################################

*******************************************************************************
*** RUNTIME MODEL ATTRIBUTES
***

CppFlavor       = *
__SystemLibrary = DLib
__dlib_version  = 6


*******************************************************************************
*** HEAP SELECTION
***

The basic heap was selected because some modules are built with
size limitations (and not runtime checking), and --advanced_heap
was not specified.


*******************************************************************************
*** PLACEMENT SUMMARY
***

"A0":  place at address 0x800'0000 { ro section .intvec };
"P1":  place in [from 0x800'0000 to 0x807'ffff] { ro };
define block CSTACK with size = 8K, alignment = 8 { };
define block HEAP with size = 8K, alignment = 8 { };
"P2":  place in [from 0x2000'0000 to 0x2001'7fff] {
          rw, block CSTACK, block HEAP };

No sections matched the following patterns:

  rw  in "P2"


  Section   Kind         Address    Size  Object
  -------   ----         -------    ----  ------
"A0":                               0x40
  .intvec   ro code   0x800'0000    0x40  vector_table_M.o [4]
                    - 0x800'0040    0x40

"P1":                               0xf0
  .text     ro code   0x800'0040    0x38  main.o [1]
  .text     ro code   0x800'0078    0x30  user_led.o [1]
  .text     ro code   0x800'00a8    0x10  delay.o [1]
  .text     ro code   0x800'00b8    0x22  fpinit_M.o [3]
  .text     ro code   0x800'00da     0x2  vector_table_M.o [4]
  .text     ro code   0x800'00dc    0x1e  cmain.o [4]
  .text     ro code   0x800'00fa     0x4  low_level_init.o [2]
  .text     ro code   0x800'00fe     0x4  exit.o [2]
  .text     ro code   0x800'0104     0xa  cexit.o [4]
  .text     ro code   0x800'0110    0x14  exit.o [5]
  .text     ro code   0x800'0124     0xc  cstartup_M.o [4]
                    - 0x800'0130    0xf0

"P2":                             0x2000
  CSTACK             0x2000'0000  0x2000  <Block>
    CSTACK  uninit   0x2000'0000  0x2000  <Block tail>
                   - 0x2000'2000  0x2000

Unused ranges:

         From           To      Size
         ----           --      ----
   0x800'0130   0x807'ffff  0x7'fed0
  0x2000'2000  0x2001'7fff  0x1'6000



*******************************************************************************
*** MODULE SUMMARY
***

    Module            ro code  rw data
    ------            -------  -------
command line/config:
    ----------------------------------
    Total:

C:\uwEmbSysWorkSpace\assignment06\ledAsm\Debug\Obj: [1]
    delay.o                16
    main.o                 56
    user_led.o             48
    ----------------------------------
    Total:                120

dl7M_tln.a: [2]
    exit.o                  4
    low_level_init.o        4
    ----------------------------------
    Total:                  8

m7M_tls.a: [3]
    fpinit_M.o             34
    ----------------------------------
    Total:                 34

rt7M_tl.a: [4]
    cexit.o                10
    cmain.o                30
    cstartup_M.o           12
    vector_table_M.o       66
    ----------------------------------
    Total:                118

shb_l.a: [5]
    exit.o                 20
    ----------------------------------
    Total:                 20

    Gaps                    4
    Linker created               8'192
--------------------------------------
    Grand Total:          304    8'192


*******************************************************************************
*** ENTRY LIST
***

Entry                     Address  Size  Type      Object
-----                     -------  ----  ----      ------
?main                  0x800'00dd        Code  Gb  cmain.o [4]
CSTACK$$Base          0x2000'0000         --   Gb  - Linker created -
CSTACK$$Limit         0x2000'2000         --   Gb  - Linker created -
Region$$Table$$Base           0x0         --   Gb  - Linker created -
Region$$Table$$Limit          0x0         --   Gb  - Linker created -
__cmain                0x800'00dd        Code  Gb  cmain.o [4]
__exit                 0x800'0111  0x14  Code  Gb  exit.o [5]
__iar_init_vfp         0x800'00b9        Code  Gb  fpinit_M.o [3]
__iar_program_start    0x800'0125        Code  Gb  cstartup_M.o [4]
__low_level_init       0x800'00fb   0x4  Code  Gb  low_level_init.o [2]
__vector_table         0x800'0000        Data  Gb  vector_table_M.o [4]
_call_main             0x800'00e9        Code  Gb  cmain.o [4]
_exit                  0x800'0105        Code  Gb  cexit.o [4]
_main                  0x800'00f7        Code  Gb  cmain.o [4]
control_user_led       0x800'0079        Code  Gb  user_led.o [1]
delay                  0x800'00a9        Code  Gb  delay.o [1]
exit                   0x800'00ff   0x4  Code  Gb  exit.o [2]
main                   0x800'0041  0x38  Code  Gb  main.o [1]


[1] = C:\uwEmbSysWorkSpace\assignment06\ledAsm\Debug\Obj
[2] = dl7M_tln.a
[3] = m7M_tls.a
[4] = rt7M_tl.a
[5] = shb_l.a

    304 bytes of readonly  code memory
  8'192 bytes of readwrite data memory

Errors: none
Warnings: none
